\BOOKMARK [1][-]{section.1}{\376\377\176\323\147\204\123\026\133\146\116\023\230\230\213\376\000\040\133\146\165\037\165\050\213\262\116\111\000\050\124\010\226\306\000\051}{}% 1
\BOOKMARK [2][-]{subsection*.1}{\376\377\116\000\060\001\137\000\127\072\000\267\167\037\230\230\166\364\121\373}{section.1}% 2
\BOOKMARK [3][-]{subsubsection*.2}{\376\377\167\037\230\230\0001\377\032\0003\0009\134\112\122\035\215\133\173\054\0008\230\230\000\040\0008\000.\0001\000\040\040\024\000\040\000B\000e\000n\000t\211\304\122\031\116\016\000V\000S\000E\000P\000R}{subsection*.1}% 3
\BOOKMARK [3][-]{subsubsection*.3}{\376\377\211\343\147\220}{subsection*.1}% 4
\BOOKMARK [2][-]{subsection*.4}{\376\377\116\214\060\001\167\345\213\306\142\306\211\343}{section.1}% 5
\BOOKMARK [3][-]{subsubsection*.5}{\376\377\135\345\121\167\0001\377\032\000L\000e\000w\000i\000s\176\323\147\204\116\224\153\145\154\325\220\037\147\345}{subsection*.4}% 6
\BOOKMARK [3][-]{subsubsection*.6}{\376\377\135\345\121\167\0002\377\032\000V\000S\000E\000P\000R\147\204\127\213\220\037\147\345\210\150}{subsection*.4}% 7
\BOOKMARK [3][-]{subsubsection*.7}{\376\377\135\345\121\167\0003\377\032\000B\000e\000n\000t\211\304\122\031\040\024\000`\000`\134\017\215\037\215\160\232\330\000s\000'\000'}{subsection*.4}% 8
\BOOKMARK [3][-]{subsubsection*.8}{\376\377\135\345\121\167\0004\377\032\116\011\116\055\137\303\126\333\165\065\133\120\225\056\000\050\0003\000c\000-\0004\000e\000\051}{subsection*.4}% 9
\BOOKMARK [3][-]{subsubsection*.9}{\376\377\135\345\121\167\0005\377\032\000g\000a\000u\000c\000h\000e\145\110\136\224\000\050\220\273\117\115\116\244\123\311\145\110\136\224\000\051}{subsection*.4}% 10
\BOOKMARK [3][-]{subsubsection*.10}{\376\377\210\145\121\105\377\032\123\237\133\120\176\323\147\204\220\037\147\345\000\050\200\003\176\262\000\247\0009\000.\0002\000-\0009\000.\0003\000\051}{subsection*.4}% 11
\BOOKMARK [3][-]{subsubsection*.11}{\376\377\210\145\121\105\377\032\122\006\133\120\225\364\117\134\165\050\122\233\116\016\156\266\122\102\000\050\200\003\176\262\000\247\0001\0001\000.\0001\000-\0001\0001\000.\0002\000\051}{subsection*.4}% 12
\BOOKMARK [2][-]{subsection*.12}{\376\377\116\011\060\001\167\037\230\230\174\276\176\303}{section.1}% 13
\BOOKMARK [3][-]{subsubsection*.13}{\376\377\167\037\230\230\0002\377\032\0003\0009\134\112\122\035\215\133\173\054\0004\230\230\000\040\0004\000.\0002\000\040\040\024\000\040\131\032\170\230\226\064\171\273\133\120\000L\000e\000w\000i\000s\176\323\147\204\000+\147\102\123\026\000+\137\142\137\017\165\065\203\167}{subsection*.12}% 14
\BOOKMARK [3][-]{subsubsection*.14}{\376\377\211\343\147\220}{subsection*.12}% 15
\BOOKMARK [3][-]{subsubsection*.15}{\376\377\167\037\230\230\0003\377\032\0003\0007\134\112\122\035\215\133\173\054\0005\230\230\000\040\0005\000-\0002\000\040\040\024\000\040\000H\000S\000N\000O\166\204\000L\000e\000w\000i\000s\176\323\147\204\000+\137\002\147\204\117\123}{subsection*.12}% 16
\BOOKMARK [3][-]{subsubsection*.16}{\376\377\211\343\147\220}{subsection*.12}% 17
\BOOKMARK [3][-]{subsubsection*.17}{\376\377\167\037\230\230\0004\377\032\0003\0006\134\112\116\214\127\072\173\054\0001\0000\230\230\000\040\0001\0000\000-\0001\000\040\040\024\000\040\000g\000a\000u\000c\000h\000e\145\110\136\224\000\050\220\273\117\115\116\244\123\311\145\110\136\224\000\051}{subsection*.12}% 18
\BOOKMARK [3][-]{subsubsection*.19}{\376\377\211\343\147\220}{subsection*.12}% 19
\BOOKMARK [3][-]{subsubsection*.20}{\376\377\167\037\230\230\0005\377\032\0003\0006\134\112\116\214\127\072\173\054\0002\230\230\000\040\040\024\000\040\000V\000S\000E\000P\000R\122\006\133\120\121\340\117\125\122\044\145\255}{subsection*.12}% 20
\BOOKMARK [3][-]{subsubsection*.21}{\376\377\211\343\147\220}{subsection*.12}% 21
\BOOKMARK [2][-]{subsection*.22}{\376\377\116\000\060\001\137\000\127\072\000\267\167\037\230\230\166\364\121\373}{section.1}% 22
\BOOKMARK [3][-]{subsubsection*.23}{\376\377\167\037\230\230\0001\377\032\0003\0009\134\112\122\035\215\133\173\054\0008\230\230\000\040\0008\000.\0003\000\040\040\024\000\040\000g\000a\000u\000c\000h\000e\000\040\000v\000s\000\040\000s\000t\000a\000g\000g\000e\000r\000e\000d\147\204\214\141}{subsection*.22}% 23
\BOOKMARK [3][-]{subsubsection*.25}{\376\377\211\343\147\220}{subsection*.22}% 24
\BOOKMARK [2][-]{subsection*.26}{\376\377\116\214\060\001\167\345\213\306\142\306\211\343}{section.1}% 25
\BOOKMARK [3][-]{subsubsection*.27}{\376\377\135\345\121\167\0001\377\032\000M\000O\164\006\213\272\116\044\171\315\200\375\176\247\126\376}{subsection*.26}% 26
\BOOKMARK [3][-]{subsubsection*.28}{\376\377\135\345\121\167\0002\377\032\225\056\176\247\213\241\173\227\000\040\000+\000\040\000O\0002\230\172\170\301\140\047}{subsection*.26}% 27
\BOOKMARK [3][-]{subsubsection*.29}{\376\377\135\345\121\167\0003\377\032\000B\000e\000n\000t\211\304\122\031\155\361\136\246\136\224\165\050\040\024\000`\000`\134\017\215\037\215\160\232\330\000s\000'\000'}{subsection*.26}% 28
\BOOKMARK [3][-]{subsubsection*.30}{\376\377\135\345\121\167\0004\377\032\215\205\121\161\217\155\145\110\136\224\000\050\000*\000\051}{subsection*.26}% 29
\BOOKMARK [3][-]{subsubsection*.31}{\376\377\135\345\121\167\0005\377\032\000g\000a\000u\000c\000h\000e\145\110\136\224\133\214\145\164\123\237\164\006}{subsection*.26}% 30
\BOOKMARK [3][-]{subsubsection*.32}{\376\377\135\345\121\167\0006\377\032\121\161\217\155\117\123\174\373\116\016\124\070\145\066\121\111\214\061\176\242\171\373\000/\204\335\171\373}{subsection*.26}% 31
\BOOKMARK [3][-]{subsubsection*.33}{\376\377\210\145\121\105\377\032\133\371\171\360\140\047\127\372\170\100\000\050\200\003\176\262\000\247\0001\0004\000.\0001\000\051}{subsection*.26}% 32
\BOOKMARK [2][-]{subsection*.34}{\376\377\116\011\060\001\167\037\230\230\174\276\176\303}{section.1}% 33
\BOOKMARK [3][-]{subsubsection*.35}{\376\377\167\037\230\230\0002\377\032\0003\0009\134\112\122\035\215\133\173\054\0008\230\230\000\040\0008\000.\0002\000\040\040\024\000\040\000B\000e\000n\000t\211\304\122\031\000+\215\205\121\161\217\155\000+\147\204\214\141\172\063\133\232\140\047}{subsection*.34}% 34
\BOOKMARK [3][-]{subsubsection*.37}{\376\377\211\343\147\220}{subsection*.34}% 35
\BOOKMARK [3][-]{subsubsection*.38}{\376\377\167\037\230\230\0003\377\032\0003\0009\134\112\122\035\215\133\173\054\0008\230\230\000\040\0008\000.\0004\000\040\040\024\000\040\126\333\171\315\147\204\214\141\172\063\133\232\140\047\143\222\136\217}{subsection*.34}% 36
\BOOKMARK [3][-]{subsubsection*.40}{\376\377\211\343\147\220}{subsection*.34}% 37
\BOOKMARK [3][-]{subsubsection*.41}{\376\377\167\037\230\230\0004\377\032\0003\0008\134\112\122\035\215\133\173\054\0003\230\230\000\040\040\024\000\040\121\161\217\155\117\123\174\373\116\016\124\070\145\066\121\111\214\061}{subsection*.34}% 38
\BOOKMARK [3][-]{subsubsection*.43}{\376\377\211\343\147\220}{subsection*.34}% 39
\BOOKMARK [3][-]{subsubsection*.44}{\376\377\167\037\230\230\0005\377\032\0003\0009\134\112\122\035\215\133\173\054\0008\230\230\000\040\0008\000.\0001\000\040\040\024\000\040\000B\000e\000n\000t\211\304\122\031\225\056\211\322\122\006\147\220\000\050\133\214\145\164\211\343\154\325\000\051}{subsection*.34}% 40
\BOOKMARK [3][-]{subsubsection*.46}{\376\377\211\343\147\220}{subsection*.34}% 41
\BOOKMARK [2][-]{subsection*.47}{\376\377\116\000\060\001\137\000\127\072\000\267\167\037\230\230\166\364\121\373}{section.1}% 42
\BOOKMARK [3][-]{subsubsection*.48}{\376\377\167\037\230\230\0001\377\032\0003\0008\134\112\122\035\215\133\173\054\0005\230\230\000\040\0005\000-\0001\000\040\040\024\000\040\000F\000e\000/\000C\000r\124\010\221\321\160\271\226\065\174\173\127\213\122\044\145\255}{subsection*.47}% 43
\BOOKMARK [3][-]{subsubsection*.52}{\376\377\211\343\147\220}{subsection*.47}% 44
\BOOKMARK [2][-]{subsection*.53}{\376\377\116\214\060\001\167\345\213\306\142\306\211\343}{section.1}% 45
\BOOKMARK [3][-]{subsubsection*.54}{\376\377\135\345\121\167\0001\377\032\176\323\147\204\127\372\121\103\000\040\000v\000s\000\040\146\166\200\336\040\024\000`\000`\127\372\121\103\146\057\226\366\116\366\377\014\146\166\200\336\146\057\166\322\133\120\000'\000'}{subsection*.53}% 46
\BOOKMARK [3][-]{subsubsection*.55}{\376\377\135\345\121\167\0002\377\032\000C\000s\000C\000l\000\040\000B\000C\000C\040\024\116\072\116\300\116\110\000C\000s\000C\000l\146\057\000s\000c\116\015\146\057\000b\000c\000c\377\037}{subsection*.53}% 47
\BOOKMARK [3][-]{subsubsection*.56}{\376\377\135\345\121\167\0003\377\032\116\003\131\047\146\166\174\373\122\044\133\232\121\263\173\126\150\021}{subsection*.53}% 48
\BOOKMARK [3][-]{subsubsection*.57}{\376\377\135\345\121\167\0004\377\032\133\306\130\006\171\357\133\371\153\324\210\150\000\050\000C\000C\000P\000\040\000/\000\040\000H\000C\000P\000\040\000/\000\040\000B\000C\000C\000\051}{subsection*.53}% 49
\BOOKMARK [3][-]{subsubsection*.58}{\376\377\135\345\121\167\0005\377\032\0007\171\315\121\170\127\213\176\323\147\204\176\337\116\000\143\317\217\360}{subsection*.53}% 50
\BOOKMARK [3][-]{subsubsection*.59}{\376\377\210\145\121\105\377\032\221\321\122\032\167\363\060\001\167\363\130\250\116\016\000S\000i\000O\0002\000\050\200\003\176\262\000\247\0001\0007\000.\0001\000\051}{subsection*.53}% 51
\BOOKMARK [3][-]{subsubsection*.60}{\376\377\135\345\121\167\0006\377\032\127\107\144\112\154\325\220\037\147\345\000\040\000+\000\040\133\306\136\246\121\154\137\017}{subsection*.53}% 52
\BOOKMARK [3][-]{subsubsection*.61}{\376\377\135\345\121\167\0007\377\032\160\271\226\065\174\173\127\213\122\044\145\255\145\271\154\325}{subsection*.53}% 53
\BOOKMARK [2][-]{subsection*.62}{\376\377\116\011\060\001\167\037\230\230\174\276\176\303}{section.1}% 54
\BOOKMARK [3][-]{subsubsection*.63}{\376\377\167\037\230\230\0002\377\032\0003\0005\134\112\122\035\215\133\173\054\0004\230\230\000\040\0004\000-\0001\000\040\040\024\000\040\136\162\121\260\146\166\200\336}{subsection*.62}% 55
\BOOKMARK [3][-]{subsubsection*.65}{\376\377\211\343\147\220}{subsection*.62}% 56
\BOOKMARK [3][-]{subsubsection*.66}{\376\377\167\037\230\230\0003\377\032\0003\0005\134\112\122\035\215\133\173\054\0006\230\230\000\040\040\024\000\040\224\231\224\233\167\377\116\016\000R\000P\166\370}{subsection*.62}% 57
\BOOKMARK [3][-]{subsubsection*.70}{\376\377\211\343\147\220}{subsection*.62}% 58
\BOOKMARK [3][-]{subsubsection*.71}{\376\377\167\037\230\230\0004\377\032\0003\0009\134\112\122\035\215\133\173\054\0002\230\230\000\040\040\024\000\040\146\156\234\201\130\353\204\335\000P\000B\000A\146\166\117\123\176\323\147\204}{subsection*.62}% 59
\BOOKMARK [3][-]{subsubsection*.72}{\376\377\211\343\147\220}{subsection*.62}% 60
\BOOKMARK [2][-]{subsection*.73}{\376\377\116\000\060\001\137\000\127\072\000\267\167\037\230\230\166\364\121\373}{section.1}% 61
\BOOKMARK [3][-]{subsubsection*.74}{\376\377\167\037\230\230\0001\377\032\0003\0008\134\112\122\035\215\133\173\054\0005\230\230\000\040\0005\000-\0005\000\040\040\024\000\040\000C\000e\000O\0002\142\225\137\161\126\376\116\016\154\047\172\172\117\115}{subsection*.73}% 62
\BOOKMARK [3][-]{subsubsection*.76}{\376\377\211\343\147\220}{subsection*.73}% 63
\BOOKMARK [2][-]{subsection*.77}{\376\377\116\214\060\001\167\345\213\306\142\306\211\343}{section.1}% 64
\BOOKMARK [3][-]{subsubsection*.78}{\376\377\135\345\121\167\0001\377\032\142\225\137\161\126\376\116\011\153\145\217\330\123\237\154\325}{subsection*.77}% 65
\BOOKMARK [3][-]{subsubsection*.79}{\376\377\135\345\121\167\0002\377\032\122\006\145\160\127\120\150\007\215\335\171\273\121\154\137\017}{subsection*.77}% 66
\BOOKMARK [3][-]{subsubsection*.80}{\376\377\135\345\121\167\0003\377\032\000B\000r\000a\000g\000g\145\271\172\013\116\016\0002\003\270\226\167\226\061}{subsection*.77}% 67
\BOOKMARK [3][-]{subsubsection*.81}{\376\377\135\345\121\167\0004\377\032\121\155\145\271\146\166\174\373\215\335\171\273\121\154\137\017\116\244\123\311\230\171\166\204\165\061\147\145}{subsection*.77}% 68
\BOOKMARK [3][-]{subsubsection*.82}{\376\377\135\345\121\167\0005\377\032\127\107\144\112\154\325\220\037\147\345\210\150}{subsection*.77}% 69
\BOOKMARK [3][-]{subsubsection*.83}{\376\377\135\345\121\167\0006\377\032\160\271\226\065\174\173\127\213\122\044\145\255\155\101\172\013}{subsection*.77}% 70
\BOOKMARK [2][-]{subsection*.84}{\376\377\116\011\060\001\167\037\230\230\174\276\176\303}{section.1}% 71
\BOOKMARK [3][-]{subsubsection*.85}{\376\377\167\037\230\230\0002\377\032\0003\0009\134\112\122\035\215\133\173\054\0005\230\230\000\040\0005\000.\0001\000+\0005\000.\0002\000\040\040\024\000\040\000X\000e\000F\040\223\000/\000X\000e\000O\040\223\146\166\200\336\142\225\137\161\126\376}{subsection*.84}% 72
\BOOKMARK [3][-]{subsubsection*.88}{\376\377\211\343\147\220}{subsection*.84}% 73
\BOOKMARK [3][-]{subsubsection*.89}{\376\377\167\037\230\230\0003\377\032\0003\0008\134\112\122\035\215\133\173\054\0005\230\230\000\040\0005\000-\0002\000\040\040\024\000\040\000S\000r\000S\000b\122\006\145\160\127\120\150\007\116\016\000C\000u\130\153\121\105}{subsection*.84}% 74
\BOOKMARK [3][-]{subsubsection*.90}{\376\377\211\343\147\220}{subsection*.84}% 75
\BOOKMARK [3][-]{subsubsection*.91}{\376\377\167\037\230\230\0004\377\032\0003\0008\134\112\122\035\215\133\173\054\0005\230\230\000\040\0005\000-\0004\000\040\040\024\000\040\000W\000S\000e\0002\122\006\145\160\127\120\150\007\116\016\225\056\225\177}{subsection*.84}% 76
\BOOKMARK [3][-]{subsubsection*.93}{\376\377\211\343\147\220}{subsection*.84}% 77
\BOOKMARK [3][-]{subsubsection*.94}{\376\377\167\037\230\230\0005\377\032\0003\0006\134\112\116\214\127\072\173\054\0007\230\230\000\040\040\024\000\040\132\346\132\045\167\363\122\006\145\160\127\120\150\007\116\016\133\306\136\246}{subsection*.84}% 78
\BOOKMARK [3][-]{subsubsection*.96}{\376\377\211\343\147\220}{subsection*.84}% 79
\BOOKMARK [2][-]{subsection*.97}{\376\377\116\000\060\001\137\000\127\072\000\267\167\037\230\230\166\364\121\373}{section.1}% 80
\BOOKMARK [3][-]{subsubsection*.98}{\376\377\167\037\230\230\0001\377\032\0003\0007\134\112\122\035\215\133\173\054\0005\230\230\000\040\0005\000-\0003\000\040\040\024\000\040\000R\000u\221\115\124\010\162\151\000d\217\150\220\123\122\006\210\302\000+\170\301\140\047}{subsection*.97}% 81
\BOOKMARK [3][-]{subsubsection*.99}{\376\377\211\343\147\220}{subsection*.97}% 82
\BOOKMARK [2][-]{subsection*.100}{\376\377\116\214\060\001\167\345\213\306\142\306\211\343}{section.1}% 83
\BOOKMARK [3][-]{subsubsection*.101}{\376\377\135\345\121\167\0001\377\032\221\115\117\115\123\026\124\010\162\151\143\250\145\255\224\376\0007\153\145\155\101\172\013}{subsection*.100}% 84
\BOOKMARK [3][-]{subsubsection*.102}{\376\377\135\345\121\167\0002\377\032\000d\217\150\220\123\122\006\210\302\116\011\153\145\154\325}{subsection*.100}% 85
\BOOKMARK [3][-]{subsubsection*.103}{\376\377\135\345\121\167\0003\377\032\121\111\214\061\123\026\133\146\136\217\122\027\040\024\000/}{subsection*.100}% 86
\BOOKMARK [3][-]{subsubsection*.104}{\376\377\135\345\121\167\0004\377\032\232\330\000/\117\116\201\352\145\313\122\044\145\255\040\024\123\352\147\011\000d\0004\000-\000d\0007\147\011\220\011\142\351}{subsection*.100}% 87
\BOOKMARK [3][-]{subsubsection*.105}{\376\377\135\345\121\167\0005\377\032\000C\000F\000S\000E\213\241\173\227\220\037\147\345\210\150}{subsection*.100}% 88
\BOOKMARK [3][-]{subsubsection*.106}{\376\377\135\345\121\167\0006\377\032\116\305\201\352\145\313\170\301\167\351\121\154\137\017}{subsection*.100}% 89
\BOOKMARK [3][-]{subsubsection*.107}{\376\377\135\345\121\167\0007\377\032\000C\000r\000-\000C\000r\126\333\221\315\225\056\000\050\000+\000\040\0002\000+\000\040\003\264\000\051}{subsection*.100}% 90
\BOOKMARK [3][-]{subsubsection*.108}{\376\377\135\345\121\167\0008\377\032\137\002\147\204\117\123\147\232\116\076\154\325}{subsection*.100}% 91
\BOOKMARK [3][-]{subsubsection*.109}{\376\377\210\145\121\105\377\032\221\115\124\010\162\151\127\372\170\100\116\016\207\257\124\010\145\110\136\224\000\050\200\003\176\262\000\247\0001\0002\000.\0001\000-\0001\0002\000.\0002\000,\000\040\0001\0002\000.\0005\000\051}{subsection*.100}% 92
\BOOKMARK [2][-]{subsection*.110}{\376\377\116\011\060\001\167\037\230\230\174\276\176\303}{section.1}% 93
\BOOKMARK [3][-]{subsubsection*.111}{\376\377\167\037\230\230\0002\377\032\0003\0006\134\112\116\214\127\072\173\054\0005\230\230\000\040\040\024\000\040\000N\000i\232\330\116\367\221\115\124\010\162\151\000+\170\301\167\351\000+\000t\0002\000g\000/\000e\040\230}{subsection*.110}% 94
\BOOKMARK [3][-]{subsubsection*.112}{\376\377\211\343\147\220}{subsection*.110}% 95
\BOOKMARK [3][-]{subsubsection*.113}{\376\377\167\037\230\230\0003\377\032\0003\0008\134\112\122\035\215\133\173\054\0006\230\230\000\040\040\024\000\040\000C\000r\000-\000C\000r\126\333\221\315\225\056}{subsection*.110}% 96
\BOOKMARK [3][-]{subsubsection*.114}{\376\377\211\343\147\220}{subsection*.110}% 97
\BOOKMARK [3][-]{subsubsection*.115}{\376\377\167\037\230\230\0004\377\032\0003\0008\134\112\121\263\215\133\173\054\0007\230\230\000\040\040\024\000\040\000C\000o\201\352\145\313\123\026\133\146\000+\232\330\000/\117\116\201\352\145\313\000+\000C\000F\000S\000E}{subsection*.110}% 98
\BOOKMARK [3][-]{subsubsection*.117}{\376\377\211\343\147\220}{subsection*.110}% 99
\BOOKMARK [2][-]{subsection*.118}{\376\377\116\000\060\001\137\000\127\072\000\267\167\037\230\230\166\364\121\373}{section.1}% 100
\BOOKMARK [3][-]{subsubsection*.119}{\376\377\167\037\230\230\0001\377\032\0003\0009\134\112\122\035\215\133\173\054\0007\230\230\000\040\0007\000.\0003\000\040\040\024\000\040\000R\000e\000N\040\223\000\267\000y\000N\0002\146\166\117\123\000+\000L\000e\000w\000i\000s\000+\122\006\145\160\127\120\150\007\000+\221\115\117\115\145\160}{subsection*.118}% 101
\BOOKMARK [3][-]{subsubsection*.121}{\376\377\211\343\147\220}{subsection*.118}% 102
\BOOKMARK [2][-]{subsection*.122}{\376\377\116\214\060\001\167\345\213\306\142\306\211\343\040\024\215\350\152\041\127\127\230\230\127\213\145\271\154\325\136\223}{section.1}% 103
\BOOKMARK [3][-]{subsubsection*.123}{\376\377\0001\000.\000\040\215\350\152\041\127\127\230\230\127\213\213\306\122\053\155\101\172\013\126\376}{subsection*.122}% 104
\BOOKMARK [3][-]{subsubsection*.124}{\376\377\0002\000.\000\040\173\111\165\065\133\120\117\123\217\301\171\373\145\271\154\325\220\037\147\345}{subsection*.122}% 105
\BOOKMARK [3][-]{subsubsection*.125}{\376\377\0003\000.\000\040\116\316\123\026\133\146\137\017\143\250\146\166\117\123\176\304\142\020\166\204\145\271\154\325}{subsection*.122}% 106
\BOOKMARK [3][-]{subsubsection*.126}{\376\377\0004\000.\000\040\116\316\146\166\117\123\176\323\147\204\143\250\123\026\133\146\137\017\166\204\136\070\211\301\131\127\215\357}{subsection*.122}% 107
\BOOKMARK [2][-]{subsection*.127}{\376\377\116\011\060\001\167\037\230\230\174\276\176\303}{section.1}% 108
\BOOKMARK [3][-]{subsubsection*.128}{\376\377\167\037\230\230\0002\377\032\0003\0006\134\112\116\214\127\072\173\054\0007\230\230\000\040\040\024\000\040\132\346\132\045\167\363\000\050\122\006\145\160\127\120\150\007\000+\133\306\136\246\000+\133\306\130\006\171\357\000+\123\026\133\146\137\017\143\250\133\374\000\051}{subsection*.127}% 109
\BOOKMARK [3][-]{subsubsection*.130}{\376\377\211\343\147\220}{subsection*.127}% 110
\BOOKMARK [3][-]{subsubsection*.131}{\376\377\167\037\230\230\0003\377\032\0003\0007\134\112\122\035\215\133\173\054\0006\230\230\000\040\040\024\000\040\000M\000X\000e\000n\000e\146\166\117\123\000\050\122\006\145\160\127\120\150\007\000+\133\306\130\006\171\357\000+\123\026\133\146\145\271\172\013\137\017\000\051}{subsection*.127}% 111
\BOOKMARK [3][-]{subsubsection*.132}{\376\377\211\343\147\220}{subsection*.127}% 112
\BOOKMARK [3][-]{subsubsection*.133}{\376\377\167\037\230\230\0004\377\032\0003\0008\134\112\122\035\215\133\173\054\0005\230\230\000\040\0005\000-\0003\000\040\040\024\000\040\000Z\000i\000n\000t\000l\166\370\000G\000e\0004\126\333\227\142\117\123\000\050\146\166\117\123\176\304\142\020\000+\160\271\226\065\000\051}{subsection*.127}% 113
\BOOKMARK [3][-]{subsubsection*.135}{\376\377\211\343\147\220}{subsection*.127}% 114
\BOOKMARK [3][-]{subsubsection*.136}{\376\377\167\037\230\230\0005\377\032\0003\0009\134\112\122\035\215\133\173\054\0005\230\230\000\040\0005\000.\0003\000\040\040\024\000\040\000F\000e\040\223\000O\035\147\124\070\226\104\000X\000e\000\050\146\166\117\123\176\323\147\204\000+\142\225\137\161\126\376\000+\221\115\117\115\145\160\000\051}{subsection*.127}% 115
\BOOKMARK [3][-]{subsubsection*.138}{\376\377\211\343\147\220}{subsection*.127}% 116
