03-知识点\分析化学\电荷平衡.md                                                               1× [[晶胞计算]] → [[晶胞]]  (上位概念)
03-知识点\分析化学\磁性测量.md                                                               1× [[配合物推断]] → [[配合物]]  (上位概念)
04-题库\模块习题集-元素与分析.md                                                              1× [[碘量法滴定]] → [[碘量法]]  (上位方法（滴定是技术类型，碘量法是方法名）)
04-题库\模块习题集-元素与分析.md                                                              1× [[化学式推导]] → [[化学式推断]]  (近义)
04-题库\模块习题集-元素与分析.md                                                              1× [[化学式计算]] → [[化学式推断]]  (上位)
04-题库\模块习题集-化学原理.md                                                               1× [[高铁酸根]] → [[铁]]  (上位（高铁酸根是 Fe(VI) 物种）)
04-题库\模块习题集-有机化学.md                                                               1× [[环丙烯开环]] → [[三元环开环]]  (上位（环丙烯是三元环特例）)
04-题库\模块习题集-有机化学.md                                                               1× [[共轭稳定性]] → [[共轭效应]]  (上位)
04-题库\模块习题集-有机化学.md                                                               1× [[臭氧化机理]] → [[臭氧化反应]]  (上位)
04-题库\模块习题集-有机化学.md                                                               1× [[单氟磷酸钠]] → [[磷]]  (上位（单氟磷酸钠是含磷化合物）)
04-题库\模块习题集-结构化学.md                                                               1× [[二重旋转轴]] → [[旋转轴]]  (上位)
04-题库\模块习题集-结构化学.md                                                               1× [[对称氢键]] → [[氢键]]  (上位)
04-题库\模块习题集-结构化学.md                                                               2× [[铬配合物]] → [[铬]]  (上位)
04-题库\模块习题集-结构化学.md                                                               1× [[亚硝酸钠]] → [[钠]]  (上位（亚硝酸钠是钠盐）)
04-题库\模块习题集-结构化学.md                                                               2× [[超重元素]] → [[元素周期律]]  (上位（超重元素是周期律研究对象）)
04-题库\模块习题集-结构化学.md                                                               1× [[化学式推导]] → [[化学式推断]]  (近义)
04-题库\模块习题集-结构化学.md                                                               1× [[化学式确定]] → [[化学式推断]]  (近义)
04-题库\教材习题\上海中学竞赛课程\题-020-上海中学-氮族元素-习题7.md                                        1× [[碘量法滴定]] → [[碘量法]]  (上位方法（滴定是技术类型，碘量法是方法名）)
04-题库\教材习题\化学竞赛初赛讲义\题-062-初赛讲义-溶液与化学分析-习题9.52.md                                  1× [[化学式推导]] → [[化学式推断]]  (近义)
04-题库\教材习题\无机化学例题与习题\Ch15-氮族元素\例题\例15.9-推断题一.md                                   1× [[亚硝酸钠]] → [[钠]]  (上位（亚硝酸钠是钠盐）)
04-题库\教材习题\赵鑫光\题-赵鑫光-原子-例6.md                                                     1× [[超重元素]] → [[元素周期律]]  (上位（超重元素是周期律研究对象）)
04-题库\教材习题\赵鑫光\题-赵鑫光-原子-例8.md                                                     1× [[超重元素]] → [[元素周期律]]  (上位（超重元素是周期律研究对象）)
04-题库\真题\第25届初赛\分析化学\题-025-4-固溶体溶解反应.md                                           1× [[碘量法滴定]] → [[碘量法]]  (上位方法（滴定是技术类型，碘量法是方法名）)
04-题库\真题\第25届初赛\化学原理\题-025-1-居里夫人发现元素.md                                          2× [[高铁酸根]] → [[铁]]  (上位（高铁酸根是 Fe(VI) 物种）)
04-题库\真题\第25届初赛\有机化学\题-025-9-有机推断结构式.md                                           2× [[共轭稳定性]] → [[共轭效应]]  (上位)
04-题库\真题\第26届初赛\分析化学\题-026-3-KMnO4滴定草酸.md                                         1× [[化学式推导]] → [[化学式推断]]  (近义)
04-题库\真题\第26届初赛\无机和结构化学\题-026-4-Co配合物立体异构.md                                      2× [[对称氢键]] → [[氢键]]  (上位)
04-题库\真题\第26届初赛\有机化学\题-026-11-羟汞化反应产物.md                                          1× [[臭氧化机理]] → [[臭氧化反应]]  (上位)
04-题库\真题\第27届初赛\化学原理\题-027-2-甲烷燃烧体积比.md                                           1× [[化学式确定]] → [[化学式推断]]  (近义)
04-题库\真题\第30届初赛\无机和结构化学\题-030-1-离子化合物A2B化学式推断.md                                  1× [[单氟磷酸钠]] → [[磷]]  (上位（单氟磷酸钠是含磷化合物）)
04-题库\真题\第30届初赛\无机和结构化学\题-030-3-1-磷氧化合物中间体分子式.md                                  1× [[二重旋转轴]] → [[旋转轴]]  (上位)
04-题库\真题\第32届初赛\有机化学\题-032-9-C-F键断裂原因.md                                          1× [[环丙烯开环]] → [[三元环开环]]  (上位（环丙烯是三元环特例）)
04-题库\真题\第33届初赛\无机和结构化学\题-033-4-离子化学式推断.md                                        1× [[化学式计算]] → [[化学式推断]]  (上位)
04-题库\真题\第33届初赛\无机和结构化学\题-033-5-相对分子质量计算.md                                       1× [[配合物推断]] → [[配合物]]  (上位概念)
04-题库\真题\第36届初赛\题-036-4-铬双核配合物结构.md                                               1× [[铬配合物]] → [[铬]]  (上位)
07-资料提炼\教学逻辑提炼\Zchem 元素化学与结构化学\教学逻辑提炼-Zchem-铁系与铂系-第一轮.md                          1× [[铁化学]] → [[铁]]  (上位（铁化学是元素化学分支，铁是其核心）)
09-审计报告\auto-validation\2026-08-31-validation.md                                  1× [[晶胞计算]] → [[晶胞]]  (上位概念)
09-审计报告\auto-validation\2026-08-31-validation.md                                  1× [[配合物推断]] → [[配合物]]  (上位概念)
09-审计报告\auto-validation\2026-08-31-validation.md                                  3× [[碘量法滴定]] → [[碘量法]]  (上位方法（滴定是技术类型，碘量法是方法名）)
09-审计报告\auto-validation\2026-08-31-validation.md                                  1× [[环丙烯开环]] → [[三元环开环]]  (上位（环丙烯是三元环特例）)
09-审计报告\auto-validation\2026-08-31-validation.md                                  2× [[共轭稳定性]] → [[共轭效应]]  (上位)
09-审计报告\auto-validation\2026-08-31-validation.md                                  1× [[二重旋转轴]] → [[旋转轴]]  (上位)
09-审计报告\auto-validation\2026-08-31-validation.md                                  2× [[对称氢键]] → [[氢键]]  (上位)
09-审计报告\auto-validation\2026-08-31-validation.md                                  1× [[臭氧化机理]] → [[臭氧化反应]]  (上位)
09-审计报告\auto-validation\2026-08-31-validation.md                                  1× [[铁化学]] → [[铁]]  (上位（铁化学是元素化学分支，铁是其核心）)
09-审计报告\auto-validation\2026-08-31-validation.md                                  2× [[高铁酸根]] → [[铁]]  (上位（高铁酸根是 Fe(VI) 物种）)
09-审计报告\auto-validation\2026-08-31-validation.md                                  2× [[铬配合物]] → [[铬]]  (上位)
09-审计报告\auto-validation\2026-08-31-validation.md                                  1× [[亚硝酸钠]] → [[钠]]  (上位（亚硝酸钠是钠盐）)
09-审计报告\auto-validation\2026-08-31-validation.md                                  1× [[单氟磷酸钠]] → [[磷]]  (上位（单氟磷酸钠是含磷化合物）)
09-审计报告\auto-validation\2026-08-31-validation.md                                  2× [[超重元素]] → [[元素周期律]]  (上位（超重元素是周期律研究对象）)
09-审计报告\auto-validation\2026-08-31-validation.md                                  4× [[化学式推导]] → [[化学式推断]]  (近义)
09-审计报告\auto-validation\2026-08-31-validation.md                                  1× [[化学式计算]] → [[化学式推断]]  (上位)
09-审计报告\auto-validation\2026-08-31-validation.md                                  1× [[化学式确定]] → [[化学式推断]]  (近义)
09-审计报告\auto-validation\2026-09-01-validation.md                                  1× [[晶胞计算]] → [[晶胞]]  (上位概念)
09-审计报告\auto-validation\2026-09-01-validation.md                                  1× [[配合物推断]] → [[配合物]]  (上位概念)
09-审计报告\auto-validation\2026-09-01-validation.md                                  3× [[碘量法滴定]] → [[碘量法]]  (上位方法（滴定是技术类型，碘量法是方法名）)
09-审计报告\auto-validation\2026-09-01-validation.md                                  1× [[环丙烯开环]] → [[三元环开环]]  (上位（环丙烯是三元环特例）)
09-审计报告\auto-validation\2026-09-01-validation.md                                  2× [[共轭稳定性]] → [[共轭效应]]  (上位)
09-审计报告\auto-validation\2026-09-01-validation.md                                  1× [[二重旋转轴]] → [[旋转轴]]  (上位)
09-审计报告\auto-validation\2026-09-01-validation.md                                  2× [[对称氢键]] → [[氢键]]  (上位)
09-审计报告\auto-validation\2026-09-01-validation.md                                  1× [[臭氧化机理]] → [[臭氧化反应]]  (上位)
09-审计报告\auto-validation\2026-09-01-validation.md                                  1× [[铁化学]] → [[铁]]  (上位（铁化学是元素化学分支，铁是其核心）)
09-审计报告\auto-validation\2026-09-01-validation.md                                  2× [[高铁酸根]] → [[铁]]  (上位（高铁酸根是 Fe(VI) 物种）)
09-审计报告\auto-validation\2026-09-01-validation.md                                  2× [[铬配合物]] → [[铬]]  (上位)
09-审计报告\auto-validation\2026-09-01-validation.md                                  1× [[亚硝酸钠]] → [[钠]]  (上位（亚硝酸钠是钠盐）)
09-审计报告\auto-validation\2026-09-01-validation.md                                  1× [[单氟磷酸钠]] → [[磷]]  (上位（单氟磷酸钠是含磷化合物）)
09-审计报告\auto-validation\2026-09-01-validation.md                                  2× [[超重元素]] → [[元素周期律]]  (上位（超重元素是周期律研究对象）)
09-审计报告\auto-validation\2026-09-01-validation.md                                  4× [[化学式推导]] → [[化学式推断]]  (近义)
09-审计报告\auto-validation\2026-09-01-validation.md                                  1× [[化学式计算]] → [[化学式推断]]  (上位)
09-审计报告\auto-validation\2026-09-01-validation.md                                  1× [[化学式确定]] → [[化学式推断]]  (近义)