A 类 显式指题（文件名命中，正常）：305 目标 / 621 引用
B 类 静默吸题（title/aliases 兜底，隐性错误）：11 目标 / 17 引用

=== B 类 静默吸题（按引用次数） ===

[ 4] [[羟醛缩合]] → 04-题库/真题/第28届初赛/有机化学/题-028-11-异靛蓝合成中间体与反应类型.md  (type=题目)
        ← 03-知识点/有机化学/负氢转移.md:314
        ← 03-知识点/有机化学/负氢转移.md:483
        ← 03-知识点/有机化学/负氢转移.md:600
        ← 04-专题与题型/题型/题型-合成路线设计.md:222

[ 3] [[配合物颜色]] → 05-真题库/真题-无机-过渡金属颜色-001.md  (type=真题)
        ← 03-知识点/无机和结构化学/Tanabe-Sugano图.md:166
        ← 03-知识点/无机和结构化学/八面体配位.md:218
        ← 03-知识点/无机和结构化学/相对论效应.md:141

[ 2] [[克劳修斯-克拉佩龙方程]] → 05-真题库/真题-物化-相平衡-001.md  (type=真题)
        ← 03-知识点/化学原理/临界点.md:35
        ← 03-知识点/化学原理/临界点.md:53

[ 1] [[酰氯]] → 04-题库/真题/第26届初赛/有机化学/题-026-10-辣椒素合成路线.md  (type=题目)
        ← 03-知识点/无机和结构化学/卤化氢前体.md:105

[ 1] [[双缩脲反应]] → 04-题库/真题/第25届决赛/理论/题-025决-1-2-1-双缩脲Cu配合物结构.md  (type=题目)
        ← 03-知识点/无机和结构化学/铜.md:117

[ 1] [[固体电解质]] → 04-题库/教材习题/赵鑫光/题-赵鑫光-电化学-习9.md  (type=题目)
        ← 03-知识点/无机和结构化学/非化学计量化合物.md:113

[ 1] [[氮化物结构]] → 04-题库/真题/第27届决赛/理论/题-027决-1~2-氮化物结构与光合电化学.md  (type=题目)
        ← 03-知识点/无机和结构化学/高压化学.md:68

[ 1] [[硼氢化氧化]] → 05-真题库/真题-有机-硼氢化-001.md  (type=真题)
        ← 03-知识点/有机化学/反马氏加成.md:122

[ 1] [[亲电性]] → 04-题库/真题/第25届初赛/有机化学/题-025-10-Vilsmeier试剂共振式.md  (type=题目)
        ← 04-专题与题型/题型/题型-供体受体判断.md:163

[ 1] [[内酰胺]] → 04-题库/真题/第31届初赛/有机化学/题-031-9-有机推断A到E.md  (type=题目)
        ← 04-专题与题型/题型/题型-环扩大与环缩小.md:191

[ 1] [[不饱和度]] → 04-题库/真题/第25届初赛/有机化学/题-025-8-维生素A不饱和度.md  (type=题目)
        ← 04-专题与题型/题型/题型-结构推断.md:187

已写出 kp_mislink_split.json
